%!Adobe-FontList 1.16
%Locale:0x409

%BeginFont
Handler:DirectoryHandler
FontType:Invalid
OutlineFileName:\.DS_Store
FileLength:6148
FileModTime:1517851760
%EndFont

%BeginFont
Handler:DirectoryHandler
FontType:TrueType
FontName:Fixation-Regular
FamilyName:Fixation
StyleName:Regular
MenuName:Fixation
StyleBits:0
WeightClass:400
WidthClass:5
AngleClass:0
FullName:Fixation Regular
WritingScript:Roman
OutlineFileName:\Fixation.ttf
DataFormat:sfntData
FileLength:24368
FileModTime:1514562218
NameArray:0,Mac,18,Fixation Regular
NameArray:0,Mac,4,Fixation Regular
NameArray:0,Win,1,Fixation
%EndFont

%BeginFont
Handler:DirectoryHandler
FontType:TrueType
FontName:ModernDOS4378x8
FamilyName:Modern DOS 437 8x8
StyleName:Regular
MenuName:Modern DOS 437 8x8
StyleBits:0
WeightClass:400
WidthClass:5
AngleClass:0
FullName:Modern DOS 437 8x8
WritingScript:Roman
OutlineFileName:\ModernDOS4378x8.ttf
DataFormat:sfntData
FileLength:21792
FileModTime:1493660874
NameArray:0,Mac,4,Modern DOS 437 8x8
NameArray:0,Win,1,Modern DOS 437 8x8
%EndFont

%BeginFont
Handler:DirectoryHandler
FontType:TrueType
FontName:ModernDOS8x8
FamilyName:Modern DOS 8x8
StyleName:Regular
MenuName:Modern DOS 8x8
StyleBits:0
WeightClass:400
WidthClass:5
AngleClass:0
FullName:Modern DOS 8x8
WritingScript:Roman
OutlineFileName:\ModernDOS8x8.ttf
DataFormat:sfntData
FileLength:21876
FileModTime:1493660874
NameArray:0,Mac,4,Modern DOS 8x8
NameArray:0,Win,1,Modern DOS 8x8
%EndFont

